config.h:16:6:Set_LED	24	static
config.h:26:6:Set_Brightness	16	static
config.h:50:6:Reset_LED	16	static
config.h:68:6:BrakeFull	16	static
config.h:79:6:BrakeMiddle	16	static
config.h:90:6:ParkFull	16	static
config.h:101:6:ParkMiddle	16	static
config.h:114:6:LeftBlinker	16	static
config.h:127:6:LeftDim	16	static
config.h:138:6:LeftLit	16	static
config.h:149:6:LeftFull	16	static
config.h:162:6:RightBlinker	16	static
config.h:174:6:RightDim	16	static
config.h:185:6:RightLit	16	static
config.h:196:6:RightFull	16	static
config.h:207:6:DualBlinker	16	static
main.c:75:6:HAL_TIM_PWM_PulseFinishedCallback	16	static
main.c:81:6:WS2812_Send	32	static
main.c:128:5:main	8	static
main.c:203:6:SystemClock_Config	88	static
main.c:248:13:MX_TIM1_Init	96	static
main.c:321:13:MX_DMA_Init	16	static
main.c:339:13:MX_GPIO_Init	16	static
main.c:356:6:Error_Handler	4	static,ignoring_inline_asm
